// Jest Snapshot v1, https://goo.gl/fbAQLP

exports[`models/loot should create the model definition 1`] = `
[MockFunction] {
  "calls": Array [
    Array [
      "Bookmark",
      Object {
        "guild": "string",
        "role": "string",
        "weight": "float",
      },
      Object {
        "paranoid": true,
      },
    ],
  ],
}
`;
