// Jest Snapshot v1, https://goo.gl/fbAQLP

exports[`models/message should create the model definition 1`] = `
[MockFunction] {
  "calls": Array [
    Array [
      "Message",
      Object {
        "delay": "integer",
        "guild": "string",
        "message": "test",
        "name": "string",
        "tier_id": "integer",
        "type": "intro,draw,reward",
        "user_id": "string",
      },
      Object {
        "paranoid": true,
      },
    ],
  ],
  "results": Array [
    Object {
      "isThrow": false,
      "value": Object {
        "associate": [Function],
        "belongsTo": [MockFunction],
      },
    },
  ],
}
`;
