// Jest Snapshot v1, https://goo.gl/fbAQLP

exports[`models/settings should create the model definition 1`] = `
[MockFunction] {
  "calls": Array [
    Array [
      "Settings",
      Object {
        "settings": "json",
      },
    ],
  ],
  "results": Array [
    Object {
      "isThrow": false,
      "value": Object {
        "associate": [Function],
        "belongsTo": [MockFunction],
      },
    },
  ],
}
`;
