// Jest Snapshot v1, https://goo.gl/fbAQLP

exports[`models/trackedRole should create the model definition 1`] = `
[MockFunction] {
  "calls": Array [
    Array [
      "TrackedRole",
      Object {
        "guild": "string",
        "role": "string",
        "weight": "float",
      },
      Object {
        "paranoid": true,
      },
    ],
  ],
  "results": Array [
    Object {
      "isThrow": false,
      "value": Object {
        "associate": [Function],
      },
    },
  ],
}
`;
