// Jest Snapshot v1, https://goo.gl/fbAQLP

exports[`config/config should have the proper database config 1`] = `
Object {
  "development": Object {
    "dialect": "sqlite",
    "operatorsAliases": false,
    "seederStorage": "sequelize",
    "storage": "lootbot.sqlite",
  },
  "production": Object {
    "dialect": "postgres",
    "operatorsAliases": false,
    "seederStorage": "sequelize",
    "use_env_variable": "DATABASE_URL",
  },
}
`;
