// Jest Snapshot v1, https://goo.gl/fbAQLP

exports[`seeders/20180301022450-generate-tiers should rollback when a guild is provided 1`] = `
[MockFunction] {
  "calls": Array [
    Array [
      "Tiers",
      Object {
        "guild": "1",
        "name": Object {
          "or": Array [
            "Common",
            "Uncommon",
            "Rare",
            "Legendary",
          ],
        },
      },
    ],
  ],
}
`;

exports[`seeders/20180301022450-generate-tiers should seed when a guild is provided 1`] = `
[MockFunction] {
  "calls": Array [
    Array [
      "Tiers",
      Array [
        Object {
          "color": 4737096,
          "createdAt": 1487076708000,
          "guild": "1",
          "image": "https://media.discordapp.net/attachments/342426492371992576/417019496109441024/common.png",
          "luckyWeight": 80,
          "name": "Common",
          "updatedAt": 1487076708000,
          "weight": 80,
        },
        Object {
          "color": 4171061,
          "createdAt": 1487076708000,
          "guild": "1",
          "image": "https://media.discordapp.net/attachments/342426492371992576/417019515893710858/uncommon.png",
          "luckyWeight": 10,
          "name": "Uncommon",
          "updatedAt": 1487076708000,
          "weight": 10,
        },
        Object {
          "color": 12209815,
          "createdAt": 1487076708000,
          "guild": "1",
          "image": "https://media.discordapp.net/attachments/342426492371992576/417019531018633216/rare.png",
          "luckyWeight": 9,
          "name": "Rare",
          "updatedAt": 1487076708000,
          "weight": 9,
        },
        Object {
          "color": 15155217,
          "createdAt": 1487076708000,
          "guild": "1",
          "image": "https://media.discordapp.net/attachments/342426492371992576/417019544675024916/legendary.png",
          "luckyWeight": 1,
          "name": "Legendary",
          "updatedAt": 1487076708000,
          "weight": 1,
        },
      ],
    ],
  ],
}
`;
