// Jest Snapshot v1, https://goo.gl/fbAQLP

exports[`seeders/20180301022450-generate-tiers should rollback when a guild is provided 1`] = `
[MockFunction] {
  "calls": Array [
    Array [
      "Tiers",
      Object {
        "guild": "1",
        "name": Object {
          "or": Array [
            "Common",
            "Uncommon",
            "Rare",
            "Legendary",
          ],
        },
      },
    ],
  ],
  "results": Array [
    Object {
      "isThrow": false,
      "value": true,
    },
  ],
}
`;

exports[`seeders/20180301022450-generate-tiers should seed when a guild is provided 1`] = `
[MockFunction] {
  "calls": Array [
    Array [
      "Tiers",
      Array [
        Object {
          "color": 4737096,
          "createdAt": 2017-02-14T12:51:48.000Z,
          "guild": "1",
          "image": "https://media.discordapp.net/attachments/342426492371992576/417019496109441024/common.png",
          "luckyWeight": 40,
          "name": "Common",
          "updatedAt": 2017-02-14T12:51:48.000Z,
          "weight": 50,
        },
        Object {
          "color": 4171061,
          "createdAt": 2017-02-14T12:51:48.000Z,
          "guild": "1",
          "image": "https://media.discordapp.net/attachments/342426492371992576/417019515893710858/uncommon.png",
          "luckyWeight": 30,
          "name": "Uncommon",
          "updatedAt": 2017-02-14T12:51:48.000Z,
          "weight": 37,
        },
        Object {
          "color": 12209815,
          "createdAt": 2017-02-14T12:51:48.000Z,
          "guild": "1",
          "image": "https://media.discordapp.net/attachments/342426492371992576/417019531018633216/rare.png",
          "luckyWeight": 25,
          "name": "Rare",
          "updatedAt": 2017-02-14T12:51:48.000Z,
          "weight": 10,
        },
        Object {
          "color": 15155217,
          "createdAt": 2017-02-14T12:51:48.000Z,
          "guild": "1",
          "image": "https://media.discordapp.net/attachments/342426492371992576/417019544675024916/legendary.png",
          "luckyWeight": 5,
          "name": "Legendary",
          "updatedAt": 2017-02-14T12:51:48.000Z,
          "weight": 3,
        },
      ],
    ],
  ],
  "results": Array [
    Object {
      "isThrow": false,
      "value": true,
    },
  ],
}
`;
