// Jest Snapshot v1, https://goo.gl/fbAQLP

exports[`commands/loot/add should configure properly 1`] = `
[MockFunction] {
  "calls": Array [
    Array [
      "loot-add",
      Object {
        "aliases": Array [
          "loot-add",
          "la",
        ],
        "args": Array [
          Object {
            "id": "name",
            "prompt": Object {
              "start": "What is the name of the loot?",
            },
            "type": "string",
          },
          Object {
            "id": "tier",
            "prompt": Object {
              "start": "What is the tier?",
            },
            "type": "string",
          },
        ],
        "category": "Loot",
        "channelRestriction": "guild",
        "description": Object {
          "description": "Add to the lootbox",
          "examples": Array [
            "loot-add \\"Bottle of Maple Syrup\\" Legendary",
            "loot-add Syrup Common",
          ],
          "usage": "<name> <tier>",
        },
        "options": Object {
          "permissions": [Function],
        },
        "split": "quoted",
      },
    ],
  ],
}
`;
