// Jest Snapshot v1, https://goo.gl/fbAQLP

exports[`commands/loot/open configures properly 1`] = `
[MockFunction] {
  "calls": Array [
    Array [
      "open",
      Object {
        "aliases": Array [
          "open",
          "loot-open",
        ],
        "args": Array [
          Object {
            "id": "user",
            "prompt": Object {
              "start": "Which user would you like to open a lootbox for?",
            },
            "type": "member",
          },
          Object {
            "default": false,
            "id": "lucky",
            "match": "flag",
            "prefix": "lucky",
          },
        ],
        "category": "Loot",
        "channelRestriction": "guild",
        "description": Object {
          "content": "Opens a lootbox",
          "examples": Array [
            "open",
            "loot-open",
          ],
        },
        "options": Object {
          "permissions": [Function],
        },
      },
    ],
  ],
}
`;
