// Jest Snapshot v1, https://goo.gl/fbAQLP

exports[`commands/bookmark/list should configure properly 1`] = `
[MockFunction] {
  "calls": Array [
    Array [
      "track-list",
      Object {
        "aliases": Array [
          "track-list",
          "trl",
        ],
        "category": "Bookmark",
        "channelRestriction": "guild",
        "description": Object {
          "content": "List the tracked bookmark roles",
          "examples": Array [
            "track-list",
          ],
        },
        "options": Object {
          "permissions": [Function],
        },
      },
    ],
  ],
}
`;

exports[`commands/bookmark/list should list the tracked roles 1`] = `
[MockFunction] {
  "calls": Array [
    Array [
      "<@&1>: 2
<@&3>: 4
",
    ],
  ],
}
`;
