// Jest Snapshot v1, https://goo.gl/fbAQLP

exports[`commands/bookmark/untrack should configure properly 1`] = `
[MockFunction] {
  "calls": Array [
    Array [
      "role-untrack",
      Object {
        "aliases": Array [
          "untrack",
          "role-untrack",
          "ru",
        ],
        "args": Array [
          Object {
            "id": "role",
            "prompt": Object {
              "start": "What is the role to stop tracking?",
            },
            "type": "role",
          },
        ],
        "category": "Bookmark",
        "channelRestriction": "guild",
        "description": Object {
          "content": "Remove bookmark tracking from a role",
          "examples": Array [
            "untrack \\"Some Role\\"",
          ],
          "usage": "<role>",
        },
        "options": Object {
          "permissions": [Function],
        },
        "split": "quoted",
      },
    ],
  ],
  "results": Array [
    Object {
      "isThrow": false,
      "value": undefined,
    },
  ],
}
`;
